Hello, I am a reaaaaaaaaaaaaaaaaaaaaaaaaaaaaaaaaaallllllllllllllly big string :)
Normal size string
