[WARN] Performin operation "Mult" on values with distinct types ("i8", "i64")
