ORTH_ERR_03: Redeclaration of "Var" -> "space" in block "main"