Undefined token/unknow token "o" in "repo/TestCompilationErrorMessages.orth" at line: 2 colum: 4