some big string hahahahahahahahah look at this str
